]0;~/Dropbox (Personal)/Website/Research[?1034h
[38;5;135memi [0mat [38;5;166mEmis-MBP [0min [38;5;118m~/Dropbox (Personal)/Website/Research
[0m$ [K[0m$ git init
Initialized empty Git repository in /Users/emi/Dropbox (Personal)/Website/Research/.git/
]0;~/Dropbox (Personal)/Website/Research
[38;5;135memi [0mat [38;5;166mEmis-MBP [0min [38;5;118m~/Dropbox (Personal)/Website/Research
[0m$ git git remote add origin https://github.com/emitanaka/induction.git[C[1P[1P[1P[1P
]0;~/Dropbox (Personal)/Website/Research
[38;5;135memi [0mat [38;5;166mEmis-MBP [0min [38;5;118m~/Dropbox (Personal)/Website/Research
[0m$ git push [K[K[K[K[Kadd . 
]0;~/Dropbox (Personal)/Website/Research
[38;5;135memi [0mat [38;5;166mEmis-MBP [0min [38;5;118m~/Dropbox (Personal)/Website/Research
[0m$ git comm[K[K[K[K[K[K[K[Kgit a[Kcommti [K[K[Kit -m "initial"
[master (root-commit) 74ef7f0] initial
 17 files changed, 353 insertions(+)
 create mode 100644 .Rproj.user/94E25176/console06/6CAB9536
 create mode 100644 .Rproj.user/94E25176/console06/INDEX001
 create mode 100644 .Rproj.user/94E25176/sources/prop/16D407CB
 create mode 100644 .Rproj.user/94E25176/sources/prop/901403E4
 create mode 100644 .Rproj.user/94E25176/sources/prop/INDEX
 create mode 100644 .Rproj.user/94E25176/sources/s-8AE0A1FE/29282751
 create mode 100644 .Rproj.user/94E25176/sources/s-8AE0A1FE/29282751-contents
 create mode 100644 .Rproj.user/94E25176/sources/s-8AE0A1FE/C98EEA88
 create mode 100644 .Rproj.user/94E25176/sources/s-8AE0A1FE/C98EEA88-contents
 create mode 100644 .Rproj.user/94E25176/sources/s-8AE0A1FE/lock_file
 create mode 100644 .Rproj.user/shared/notebooks/164FC631-index/1/94E251768AE0A1FE/chunks.json
 create mode 100644 .Rproj.user/shared/notebooks/164FC631-index/1/s/chunks.json
 create mode 100644 .Rproj.user/shared/notebooks/patch-chunk-names
 create mode 100644 .Rproj.user/shared/notebooks/paths
 create mode 100644 Research.Rproj
 create mode 100644 index.Rmd
 create mode 100644 index.html
]0;~/Dropbox (Personal)/Website/Research
[38;5;135memi [0mat [38;5;166mEmis-MBP [0min [38;5;118m~/Dropbox (Personal)/Website/Research
[0m$ git push -u uorigin [K[K[K[K[K[K[K[Korigin master
Counting objects: 27, done.
Delta compression using up to 4 threads.
Compressing objects:   4% (1/23)   Compressing objects:   8% (2/23)   Compressing objects:  13% (3/23)   Compressing objects:  17% (4/23)   Compressing objects:  21% (5/23)   Compressing objects:  26% (6/23)   Compressing objects:  30% (7/23)   Compressing objects:  34% (8/23)   Compressing objects:  39% (9/23)   Compressing objects:  43% (10/23)   Compressing objects:  47% (11/23)   Compressing objects:  52% (12/23)   Compressing objects:  56% (13/23)   Compressing objects:  60% (14/23)   Compressing objects:  65% (15/23)   Compressing objects:  69% (16/23)   Compressing objects:  73% (17/23)   Compressing objects:  78% (18/23)   Compressing objects:  82% (19/23)   Compressing objects:  86% (20/23)   Compressing objects:  91% (21/23)   Compressing objects:  95% (22/23)   Compressing objects: 100% (23/23)   Compressing objects: 100% (23/23), done.
Writing objects:   3% (1/27)   Writing objects:   7% (2/27)   Writing objects:  11% (3/27)   Writing objects:  14% (4/27)   Writing objects:  18% (5/27)   Writing objects:  22% (6/27)   Writing objects:  25% (7/27)   Writing objects:  29% (8/27)   Writing objects:  33% (9/27)   Writing objects:  37% (10/27)   Writing objects:  40% (11/27)   Writing objects:  44% (12/27)   Writing objects:  48% (13/27)   Writing objects:  55% (15/27)   Writing objects:  59% (16/27)   Writing objects:  62% (17/27)   Writing objects:  66% (18/27)   Writing objects:  70% (19/27)   Writing objects:  74% (20/27)   Writing objects:  77% (21/27)   Writing objects:  81% (22/27)   Writing objects:  85% (23/27)   Writing objects:  88% (24/27)   Writing objects:  92% (25/27)   Writing objects:  96% (26/27)   Writing objects: 100% (27/27)   Writing objects: 100% (27/27), 46.57 KiB | 1.03 MiB/s, done.
Total 27 (delta 1), reused 0 (delta 0)
remote: Resolving deltas:   0% (0/1)   [Kremote: Resolving deltas: 100% (1/1)   [Kremote: Resolving deltas: 100% (1/1), done.[K
remote: 
remote: Create a pull request for 'master' on GitHub by visiting:[K
remote:      https://github.com/emitanaka/induction/pull/new/master[K
remote: 
To https://github.com/emitanaka/induction.git
 * [new branch]      master -> master
Branch master set up to track remote branch master from origin.
]0;~/Dropbox (Personal)/Website/Research
[38;5;135memi [0mat [38;5;166mEmis-MBP [0min [38;5;118m~/Dropbox (Personal)/Website/Research
[0m$ git ad[K[Kadd . 
]0;~/Dropbox (Personal)/Website/Research
[38;5;135memi [0mat [38;5;166mEmis-MBP [0min [38;5;118m~/Dropbox (Personal)/Website/Research
[0m$ git ocmmit[K[K[K[K[K[Kcommit -m "small w[K[K[K[K[K[K[Kadd welcome"
[master 55b8493] add welcome
 7 files changed, 146 insertions(+), 12 deletions(-)
 create mode 100644 .Rproj.user/94E25176/console06/6CAB9536.env
]0;~/Dropbox (Personal)/Website/Research
[38;5;135memi [0mat [38;5;166mEmis-MBP [0min [38;5;118m~/Dropbox (Personal)/Website/Research
[0m$ git push -u origin mastter[K[K[Ker
Counting objects: 14, done.
Delta compression using up to 4 threads.
Compressing objects:   7% (1/14)   Compressing objects:  14% (2/14)   Compressing objects:  21% (3/14)   Compressing objects:  28% (4/14)   Compressing objects:  35% (5/14)   Compressing objects:  42% (6/14)   Compressing objects:  50% (7/14)   Compressing objects:  57% (8/14)   Compressing objects:  64% (9/14)   Compressing objects:  71% (10/14)   Compressing objects:  78% (11/14)   Compressing objects:  85% (12/14)   Compressing objects:  92% (13/14)   Compressing objects: 100% (14/14)   Compressing objects: 100% (14/14), done.
Writing objects:   7% (1/14)   Writing objects:  14% (2/14)   Writing objects:  21% (3/14)   Writing objects:  28% (4/14)   Writing objects:  35% (5/14)   Writing objects:  42% (6/14)   Writing objects:  50% (7/14)   Writing objects:  57% (8/14)   Writing objects:  64% (9/14)   Writing objects:  71% (10/14)   Writing objects:  78% (11/14)   Writing objects:  85% (12/14)   Writing objects:  92% (13/14)   Writing objects: 100% (14/14)   Writing objects: 100% (14/14), 4.67 KiB | 122.00 KiB/s, done.
Total 14 (delta 3), reused 0 (delta 0)
remote: Resolving deltas:   0% (0/3)   [Kremote: Resolving deltas:  33% (1/3)   [Kremote: Resolving deltas:  66% (2/3)   [Kremote: Resolving deltas: 100% (3/3)   [Kremote: Resolving deltas: 100% (3/3), completed with 3 local objects.[K
To https://github.com/emitanaka/induction.git
   74ef7f0..55b8493  master -> master
Branch master set up to track remote branch master from origin.
]0;~/Dropbox (Personal)/Website/Research
[38;5;135memi [0mat [38;5;166mEmis-MBP [0min [38;5;118m~/Dropbox (Personal)/Website/Research
[0m$ ]0;~/Dropbox (Personal)/Website/Research[?1034h
[38;5;135memi [0mat [38;5;166mEmis-MBP [0min [38;5;118m~/Dropbox (Personal)/Website/Research
git add . 
]0;~/Dropbox (Personal)/Website/Research
[38;5;135memi [0mat [38;5;166mEmis-MBP [0min [38;5;118m~/Dropbox (Personal)/Website/Research
[0m$ git commit -m "bibtex"
[master 4112d3c] bibtex
 7 files changed, 38 insertions(+), 8 deletions(-)
 rewrite .Rproj.user/94E25176/console06/INDEX001 (86%)
 create mode 100644 .gitignore
]0;~/Dropbox (Personal)/Website/Research
[38;5;135memi [0mat [38;5;166mEmis-MBP [0min [38;5;118m~/Dropbox (Personal)/Website/Research
[0m$ git push -u origin master
Counting objects: 19, done.
Delta compression using up to 4 threads.
Compressing objects:   6% (1/15)   Compressing objects:  13% (2/15)   Compressing objects:  20% (3/15)   Compressing objects:  26% (4/15)   Compressing objects:  33% (5/15)   Compressing objects:  40% (6/15)   Compressing objects:  46% (7/15)   Compressing objects:  53% (8/15)   Compressing objects:  60% (9/15)   Compressing objects:  66% (10/15)   Compressing objects:  73% (11/15)   Compressing objects:  80% (12/15)   Compressing objects:  86% (13/15)   Compressing objects:  93% (14/15)   Compressing objects: 100% (15/15)   Compressing objects: 100% (15/15), done.
Writing objects:   5% (1/19)   Writing objects:  10% (2/19)   Writing objects:  15% (3/19)   Writing objects:  21% (4/19)   Writing objects:  26% (5/19)   Writing objects:  31% (6/19)   Writing objects:  36% (7/19)   Writing objects:  42% (8/19)   Writing objects:  47% (9/19)   Writing objects:  52% (10/19)   Writing objects:  57% (11/19)   Writing objects:  63% (12/19)   Writing objects:  68% (13/19)   Writing objects:  73% (14/19)   Writing objects:  78% (15/19)   Writing objects:  84% (16/19)   Writing objects:  89% (17/19)   Writing objects:  94% (18/19)   Writing objects: 100% (19/19)   Writing objects: 100% (19/19), 2.33 KiB | 341.00 KiB/s, done.
Total 19 (delta 4), reused 0 (delta 0)
remote: Resolving deltas:   0% (0/4)   [Kremote: Resolving deltas:  25% (1/4)   [Kremote: Resolving deltas:  50% (2/4)   [Kremote: Resolving deltas:  75% (3/4)   [Kremote: Resolving deltas: 100% (4/4)   [Kremote: Resolving deltas: 100% (4/4), completed with 4 local objects.[K
To https://github.com/emitanaka/induction.git
   55b8493..4112d3c  master -> master
Branch master set up to track remote branch master from origin.
]0;~/Dropbox (Personal)/Website/Research
[38;5;135memi [0mat [38;5;166mEmis-MBP [0min [38;5;118m~/Dropbox (Personal)/Website/Research
[0m$ 